Archive member included because of file (symbol)

c:/users/youss/iti embedded systems 3-months program/01- embedded systems avr tools/01- imt sdk/imt_sdk_win_64/winavr/bin/../lib/gcc/avr/4.3.3/avr5\libgcc.a(_mulsi3.o)
                              ./LCD.o (__mulsi3)
c:/users/youss/iti embedded systems 3-months program/01- embedded systems avr tools/01- imt sdk/imt_sdk_win_64/winavr/bin/../lib/gcc/avr/4.3.3/avr5\libgcc.a(_udivmodsi4.o)
                              ./LCD.o (__udivmodsi4)
c:/users/youss/iti embedded systems 3-months program/01- embedded systems avr tools/01- imt sdk/imt_sdk_win_64/winavr/bin/../lib/gcc/avr/4.3.3/avr5\libgcc.a(_exit.o)
                              c:/users/youss/iti embedded systems 3-months program/01- embedded systems avr tools/01- imt sdk/imt_sdk_win_64/winavr/bin/../lib/gcc/avr/4.3.3/../../../../avr/lib/avr5/crtm32.o (exit)
c:/users/youss/iti embedded systems 3-months program/01- embedded systems avr tools/01- imt sdk/imt_sdk_win_64/winavr/bin/../lib/gcc/avr/4.3.3/avr5\libgcc.a(_copy_data.o)
                              ./KPD.o (__do_copy_data)
c:/users/youss/iti embedded systems 3-months program/01- embedded systems avr tools/01- imt sdk/imt_sdk_win_64/winavr/bin/../lib/gcc/avr/4.3.3/avr5\libgcc.a(_clear_bss.o)
                              ./DIO.o (__do_clear_bss)
c:/users/youss/iti embedded systems 3-months program/01- embedded systems avr tools/01- imt sdk/imt_sdk_win_64/winavr/bin/../lib/gcc/avr/4.3.3/avr5\libgcc.a(_fixunssfsi.o)
                              ./KPD.o (__fixunssfsi)
c:/users/youss/iti embedded systems 3-months program/01- embedded systems avr tools/01- imt sdk/imt_sdk_win_64/winavr/bin/../lib/gcc/avr/4.3.3/avr5\libgcc.a(_addsub_sf.o)
                              c:/users/youss/iti embedded systems 3-months program/01- embedded systems avr tools/01- imt sdk/imt_sdk_win_64/winavr/bin/../lib/gcc/avr/4.3.3/avr5\libgcc.a(_fixunssfsi.o) (__subsf3)
c:/users/youss/iti embedded systems 3-months program/01- embedded systems avr tools/01- imt sdk/imt_sdk_win_64/winavr/bin/../lib/gcc/avr/4.3.3/avr5\libgcc.a(_mul_sf.o)
                              ./KPD.o (__mulsf3)
c:/users/youss/iti embedded systems 3-months program/01- embedded systems avr tools/01- imt sdk/imt_sdk_win_64/winavr/bin/../lib/gcc/avr/4.3.3/avr5\libgcc.a(_div_sf.o)
                              ./LCD.o (__divsf3)
c:/users/youss/iti embedded systems 3-months program/01- embedded systems avr tools/01- imt sdk/imt_sdk_win_64/winavr/bin/../lib/gcc/avr/4.3.3/avr5\libgcc.a(_gt_sf.o)
                              ./KPD.o (__gtsf2)
c:/users/youss/iti embedded systems 3-months program/01- embedded systems avr tools/01- imt sdk/imt_sdk_win_64/winavr/bin/../lib/gcc/avr/4.3.3/avr5\libgcc.a(_ge_sf.o)
                              c:/users/youss/iti embedded systems 3-months program/01- embedded systems avr tools/01- imt sdk/imt_sdk_win_64/winavr/bin/../lib/gcc/avr/4.3.3/avr5\libgcc.a(_fixunssfsi.o) (__gesf2)
c:/users/youss/iti embedded systems 3-months program/01- embedded systems avr tools/01- imt sdk/imt_sdk_win_64/winavr/bin/../lib/gcc/avr/4.3.3/avr5\libgcc.a(_lt_sf.o)
                              ./KPD.o (__ltsf2)
c:/users/youss/iti embedded systems 3-months program/01- embedded systems avr tools/01- imt sdk/imt_sdk_win_64/winavr/bin/../lib/gcc/avr/4.3.3/avr5\libgcc.a(_sf_to_si.o)
                              c:/users/youss/iti embedded systems 3-months program/01- embedded systems avr tools/01- imt sdk/imt_sdk_win_64/winavr/bin/../lib/gcc/avr/4.3.3/avr5\libgcc.a(_fixunssfsi.o) (__fixsfsi)
c:/users/youss/iti embedded systems 3-months program/01- embedded systems avr tools/01- imt sdk/imt_sdk_win_64/winavr/bin/../lib/gcc/avr/4.3.3/avr5\libgcc.a(_thenan_sf.o)
                              c:/users/youss/iti embedded systems 3-months program/01- embedded systems avr tools/01- imt sdk/imt_sdk_win_64/winavr/bin/../lib/gcc/avr/4.3.3/avr5\libgcc.a(_addsub_sf.o) (__thenan_sf)
c:/users/youss/iti embedded systems 3-months program/01- embedded systems avr tools/01- imt sdk/imt_sdk_win_64/winavr/bin/../lib/gcc/avr/4.3.3/avr5\libgcc.a(_prologue.o)
                              c:/users/youss/iti embedded systems 3-months program/01- embedded systems avr tools/01- imt sdk/imt_sdk_win_64/winavr/bin/../lib/gcc/avr/4.3.3/avr5\libgcc.a(_addsub_sf.o) (__prologue_saves__)
c:/users/youss/iti embedded systems 3-months program/01- embedded systems avr tools/01- imt sdk/imt_sdk_win_64/winavr/bin/../lib/gcc/avr/4.3.3/avr5\libgcc.a(_epilogue.o)
                              c:/users/youss/iti embedded systems 3-months program/01- embedded systems avr tools/01- imt sdk/imt_sdk_win_64/winavr/bin/../lib/gcc/avr/4.3.3/avr5\libgcc.a(_addsub_sf.o) (__epilogue_restores__)
c:/users/youss/iti embedded systems 3-months program/01- embedded systems avr tools/01- imt sdk/imt_sdk_win_64/winavr/bin/../lib/gcc/avr/4.3.3/avr5\libgcc.a(_pack_sf.o)
                              c:/users/youss/iti embedded systems 3-months program/01- embedded systems avr tools/01- imt sdk/imt_sdk_win_64/winavr/bin/../lib/gcc/avr/4.3.3/avr5\libgcc.a(_addsub_sf.o) (__pack_f)
c:/users/youss/iti embedded systems 3-months program/01- embedded systems avr tools/01- imt sdk/imt_sdk_win_64/winavr/bin/../lib/gcc/avr/4.3.3/avr5\libgcc.a(_unpack_sf.o)
                              c:/users/youss/iti embedded systems 3-months program/01- embedded systems avr tools/01- imt sdk/imt_sdk_win_64/winavr/bin/../lib/gcc/avr/4.3.3/avr5\libgcc.a(_addsub_sf.o) (__unpack_f)
c:/users/youss/iti embedded systems 3-months program/01- embedded systems avr tools/01- imt sdk/imt_sdk_win_64/winavr/bin/../lib/gcc/avr/4.3.3/avr5\libgcc.a(_fpcmp_parts_sf.o)
                              c:/users/youss/iti embedded systems 3-months program/01- embedded systems avr tools/01- imt sdk/imt_sdk_win_64/winavr/bin/../lib/gcc/avr/4.3.3/avr5\libgcc.a(_gt_sf.o) (__fpcmp_parts_f)

Allocating common symbols
Common symbol       size              file

s64                 0x8               ./DIO.o
u64                 0x8               ./DIO.o

Memory Configuration

Name             Origin             Length             Attributes
text             0x00000000         0x00020000         xr
data             0x00800060         0x0000ffa0         rw !x
eeprom           0x00810000         0x00010000         rw !x
fuse             0x00820000         0x00000400         rw !x
lock             0x00830000         0x00000400         rw !x
signature        0x00840000         0x00000400         rw !x
*default*        0x00000000         0xffffffff

Linker script and memory map

LOAD c:/users/youss/iti embedded systems 3-months program/01- embedded systems avr tools/01- imt sdk/imt_sdk_win_64/winavr/bin/../lib/gcc/avr/4.3.3/../../../../avr/lib/avr5/crtm32.o
LOAD ./DIO.o
LOAD ./KPD.o
LOAD ./LCD.o
LOAD ./main.o
LOAD c:/users/youss/iti embedded systems 3-months program/01- embedded systems avr tools/01- imt sdk/imt_sdk_win_64/winavr/bin/../lib/gcc/avr/4.3.3/avr5\libgcc.a
LOAD c:/users/youss/iti embedded systems 3-months program/01- embedded systems avr tools/01- imt sdk/imt_sdk_win_64/winavr/bin/../lib/gcc/avr/4.3.3/../../../../avr/lib/avr5\libc.a
LOAD c:/users/youss/iti embedded systems 3-months program/01- embedded systems avr tools/01- imt sdk/imt_sdk_win_64/winavr/bin/../lib/gcc/avr/4.3.3/avr5\libgcc.a

.hash
 *(.hash)

.dynsym
 *(.dynsym)

.dynstr
 *(.dynstr)

.gnu.version
 *(.gnu.version)

.gnu.version_d
 *(.gnu.version_d)

.gnu.version_r
 *(.gnu.version_r)

.rel.init
 *(.rel.init)

.rela.init
 *(.rela.init)

.rel.text
 *(.rel.text)
 *(.rel.text.*)
 *(.rel.gnu.linkonce.t*)

.rela.text
 *(.rela.text)
 *(.rela.text.*)
 *(.rela.gnu.linkonce.t*)

.rel.fini
 *(.rel.fini)

.rela.fini
 *(.rela.fini)

.rel.rodata
 *(.rel.rodata)
 *(.rel.rodata.*)
 *(.rel.gnu.linkonce.r*)

.rela.rodata
 *(.rela.rodata)
 *(.rela.rodata.*)
 *(.rela.gnu.linkonce.r*)

.rel.data
 *(.rel.data)
 *(.rel.data.*)
 *(.rel.gnu.linkonce.d*)

.rela.data
 *(.rela.data)
 *(.rela.data.*)
 *(.rela.gnu.linkonce.d*)

.rel.ctors
 *(.rel.ctors)

.rela.ctors
 *(.rela.ctors)

.rel.dtors
 *(.rel.dtors)

.rela.dtors
 *(.rela.dtors)

.rel.got
 *(.rel.got)

.rela.got
 *(.rela.got)

.rel.bss
 *(.rel.bss)

.rela.bss
 *(.rela.bss)

.rel.plt
 *(.rel.plt)

.rela.plt
 *(.rela.plt)

.text           0x00000000     0x21ee
 *(.vectors)
 .vectors       0x00000000       0x54 c:/users/youss/iti embedded systems 3-months program/01- embedded systems avr tools/01- imt sdk/imt_sdk_win_64/winavr/bin/../lib/gcc/avr/4.3.3/../../../../avr/lib/avr5/crtm32.o
                0x00000000                __vectors
                0x00000000                __vector_default
 *(.vectors)
 *(.progmem.gcc*)
 *(.progmem*)
                0x00000054                . = ALIGN (0x2)
                0x00000054                __trampolines_start = .
 *(.trampolines)
 .trampolines   0x00000054        0x0 linker stubs
 *(.trampolines*)
                0x00000054                __trampolines_end = .
 *(.jumptables)
 *(.jumptables*)
 *(.lowtext)
 *(.lowtext*)
                0x00000054                __ctors_start = .
 *(.ctors)
                0x00000054                __ctors_end = .
                0x00000054                __dtors_start = .
 *(.dtors)
                0x00000054                __dtors_end = .
 SORT(*)(.ctors)
 SORT(*)(.dtors)
 *(.init0)
 .init0         0x00000054        0x0 c:/users/youss/iti embedded systems 3-months program/01- embedded systems avr tools/01- imt sdk/imt_sdk_win_64/winavr/bin/../lib/gcc/avr/4.3.3/../../../../avr/lib/avr5/crtm32.o
                0x00000054                __init
 *(.init0)
 *(.init1)
 *(.init1)
 *(.init2)
 .init2         0x00000054        0xc c:/users/youss/iti embedded systems 3-months program/01- embedded systems avr tools/01- imt sdk/imt_sdk_win_64/winavr/bin/../lib/gcc/avr/4.3.3/../../../../avr/lib/avr5/crtm32.o
 *(.init2)
 *(.init3)
 *(.init3)
 *(.init4)
 .init4         0x00000060       0x16 c:/users/youss/iti embedded systems 3-months program/01- embedded systems avr tools/01- imt sdk/imt_sdk_win_64/winavr/bin/../lib/gcc/avr/4.3.3/avr5\libgcc.a(_copy_data.o)
                0x00000060                __do_copy_data
 .init4         0x00000076       0x10 c:/users/youss/iti embedded systems 3-months program/01- embedded systems avr tools/01- imt sdk/imt_sdk_win_64/winavr/bin/../lib/gcc/avr/4.3.3/avr5\libgcc.a(_clear_bss.o)
                0x00000076                __do_clear_bss
 *(.init4)
 *(.init5)
 *(.init5)
 *(.init6)
 *(.init6)
 *(.init7)
 *(.init7)
 *(.init8)
 *(.init8)
 *(.init9)
 .init9         0x00000086        0x8 c:/users/youss/iti embedded systems 3-months program/01- embedded systems avr tools/01- imt sdk/imt_sdk_win_64/winavr/bin/../lib/gcc/avr/4.3.3/../../../../avr/lib/avr5/crtm32.o
 *(.init9)
 *(.text)
 .text          0x0000008e        0x4 c:/users/youss/iti embedded systems 3-months program/01- embedded systems avr tools/01- imt sdk/imt_sdk_win_64/winavr/bin/../lib/gcc/avr/4.3.3/../../../../avr/lib/avr5/crtm32.o
                0x0000008e                __vector_1
                0x0000008e                __vector_12
                0x0000008e                __bad_interrupt
                0x0000008e                __vector_6
                0x0000008e                __vector_3
                0x0000008e                __vector_11
                0x0000008e                __vector_13
                0x0000008e                __vector_17
                0x0000008e                __vector_19
                0x0000008e                __vector_7
                0x0000008e                __vector_5
                0x0000008e                __vector_4
                0x0000008e                __vector_9
                0x0000008e                __vector_2
                0x0000008e                __vector_15
                0x0000008e                __vector_8
                0x0000008e                __vector_14
                0x0000008e                __vector_10
                0x0000008e                __vector_16
                0x0000008e                __vector_18
                0x0000008e                __vector_20
 .text          0x00000092        0x0 ./DIO.o
 .text          0x00000092        0x0 ./KPD.o
 .text          0x00000092        0x0 ./LCD.o
 .text          0x00000092        0x0 ./main.o
 .text          0x00000092        0x0 c:/users/youss/iti embedded systems 3-months program/01- embedded systems avr tools/01- imt sdk/imt_sdk_win_64/winavr/bin/../lib/gcc/avr/4.3.3/avr5\libgcc.a(_mulsi3.o)
 .text          0x00000092        0x0 c:/users/youss/iti embedded systems 3-months program/01- embedded systems avr tools/01- imt sdk/imt_sdk_win_64/winavr/bin/../lib/gcc/avr/4.3.3/avr5\libgcc.a(_udivmodsi4.o)
 .text          0x00000092        0x0 c:/users/youss/iti embedded systems 3-months program/01- embedded systems avr tools/01- imt sdk/imt_sdk_win_64/winavr/bin/../lib/gcc/avr/4.3.3/avr5\libgcc.a(_exit.o)
 .text          0x00000092        0x0 c:/users/youss/iti embedded systems 3-months program/01- embedded systems avr tools/01- imt sdk/imt_sdk_win_64/winavr/bin/../lib/gcc/avr/4.3.3/avr5\libgcc.a(_copy_data.o)
 .text          0x00000092        0x0 c:/users/youss/iti embedded systems 3-months program/01- embedded systems avr tools/01- imt sdk/imt_sdk_win_64/winavr/bin/../lib/gcc/avr/4.3.3/avr5\libgcc.a(_clear_bss.o)
 .text          0x00000092       0x58 c:/users/youss/iti embedded systems 3-months program/01- embedded systems avr tools/01- imt sdk/imt_sdk_win_64/winavr/bin/../lib/gcc/avr/4.3.3/avr5\libgcc.a(_fixunssfsi.o)
                0x00000092                __fixunssfsi
 .text          0x000000ea      0x354 c:/users/youss/iti embedded systems 3-months program/01- embedded systems avr tools/01- imt sdk/imt_sdk_win_64/winavr/bin/../lib/gcc/avr/4.3.3/avr5\libgcc.a(_addsub_sf.o)
                0x00000382                __subsf3
                0x000003e4                __addsf3
 .text          0x0000043e      0x1f4 c:/users/youss/iti embedded systems 3-months program/01- embedded systems avr tools/01- imt sdk/imt_sdk_win_64/winavr/bin/../lib/gcc/avr/4.3.3/avr5\libgcc.a(_mul_sf.o)
                0x0000043e                __mulsf3
 .text          0x00000632      0x158 c:/users/youss/iti embedded systems 3-months program/01- embedded systems avr tools/01- imt sdk/imt_sdk_win_64/winavr/bin/../lib/gcc/avr/4.3.3/avr5\libgcc.a(_div_sf.o)
                0x00000632                __divsf3
 .text          0x0000078a       0x60 c:/users/youss/iti embedded systems 3-months program/01- embedded systems avr tools/01- imt sdk/imt_sdk_win_64/winavr/bin/../lib/gcc/avr/4.3.3/avr5\libgcc.a(_gt_sf.o)
                0x0000078a                __gtsf2
 .text          0x000007ea       0x60 c:/users/youss/iti embedded systems 3-months program/01- embedded systems avr tools/01- imt sdk/imt_sdk_win_64/winavr/bin/../lib/gcc/avr/4.3.3/avr5\libgcc.a(_ge_sf.o)
                0x000007ea                __gesf2
 .text          0x0000084a       0x60 c:/users/youss/iti embedded systems 3-months program/01- embedded systems avr tools/01- imt sdk/imt_sdk_win_64/winavr/bin/../lib/gcc/avr/4.3.3/avr5\libgcc.a(_lt_sf.o)
                0x0000084a                __ltsf2
 .text          0x000008aa       0xa8 c:/users/youss/iti embedded systems 3-months program/01- embedded systems avr tools/01- imt sdk/imt_sdk_win_64/winavr/bin/../lib/gcc/avr/4.3.3/avr5\libgcc.a(_sf_to_si.o)
                0x000008aa                __fixsfsi
 .text          0x00000952        0x0 c:/users/youss/iti embedded systems 3-months program/01- embedded systems avr tools/01- imt sdk/imt_sdk_win_64/winavr/bin/../lib/gcc/avr/4.3.3/avr5\libgcc.a(_thenan_sf.o)
 .text          0x00000952        0x0 c:/users/youss/iti embedded systems 3-months program/01- embedded systems avr tools/01- imt sdk/imt_sdk_win_64/winavr/bin/../lib/gcc/avr/4.3.3/avr5\libgcc.a(_prologue.o)
 .text          0x00000952        0x0 c:/users/youss/iti embedded systems 3-months program/01- embedded systems avr tools/01- imt sdk/imt_sdk_win_64/winavr/bin/../lib/gcc/avr/4.3.3/avr5\libgcc.a(_epilogue.o)
 .text          0x00000952      0x1aa c:/users/youss/iti embedded systems 3-months program/01- embedded systems avr tools/01- imt sdk/imt_sdk_win_64/winavr/bin/../lib/gcc/avr/4.3.3/avr5\libgcc.a(_pack_sf.o)
                0x00000952                __pack_f
 .text          0x00000afc       0xf0 c:/users/youss/iti embedded systems 3-months program/01- embedded systems avr tools/01- imt sdk/imt_sdk_win_64/winavr/bin/../lib/gcc/avr/4.3.3/avr5\libgcc.a(_unpack_sf.o)
                0x00000afc                __unpack_f
 .text          0x00000bec       0xb2 c:/users/youss/iti embedded systems 3-months program/01- embedded systems avr tools/01- imt sdk/imt_sdk_win_64/winavr/bin/../lib/gcc/avr/4.3.3/avr5\libgcc.a(_fpcmp_parts_sf.o)
                0x00000bec                __fpcmp_parts_f
                0x00000c9e                . = ALIGN (0x2)
 *(.text.*)
 .text.DIO_voidSetPinDirection
                0x00000c9e      0x200 ./DIO.o
                0x00000c9e                DIO_voidSetPinDirection
 .text.DIO_voidSetPinValue
                0x00000e9e      0x200 ./DIO.o
                0x00000e9e                DIO_voidSetPinValue
 .text.DIO_u8GetPinValue
                0x0000109e      0x104 ./DIO.o
                0x0000109e                DIO_u8GetPinValue
 .text.DIO_voidTogglePin
                0x000011a2       0xfa ./DIO.o
                0x000011a2                DIO_voidTogglePin
 .text.DIO_voidSetPortDirection
                0x0000129c       0x82 ./DIO.o
                0x0000129c                DIO_voidSetPortDirection
 .text.DIO_voidSetPortValue
                0x0000131e       0x82 ./DIO.o
                0x0000131e                DIO_voidSetPortValue
 .text.DIO_u8GetPortValue
                0x000013a0       0x8e ./DIO.o
                0x000013a0                DIO_u8GetPortValue
 .text.KPD_voidInit
                0x0000142e       0x1e ./KPD.o
                0x0000142e                KPD_voidInit
 .text.KPD_u8GetPressedKey
                0x0000144c      0x1ee ./KPD.o
                0x0000144c                KPD_u8GetPressedKey
 .text.LCD_voidSendCommand
                0x0000163a      0x13c ./LCD.o
                0x0000163a                LCD_voidSendCommand
 .text.LCD_voidSendChar
                0x00001776      0x13c ./LCD.o
                0x00001776                LCD_voidSendChar
 .text.LCD_voidInit
                0x000018b2      0x5a6 ./LCD.o
                0x000018b2                LCD_voidInit
 .text.LCD_voidSendString
                0x00001e58       0x5a ./LCD.o
                0x00001e58                LCD_voidSendString
 .text.LCD_voidSendSpecialChar
                0x00001eb2       0x5e ./LCD.o
                0x00001eb2                LCD_voidSendSpecialChar
 .text.LCD_voidSetLocation
                0x00001f10       0x50 ./LCD.o
                0x00001f10                LCD_voidSetLocation
 .text.LCD_voidSendNumber
                0x00001f60      0x174 ./LCD.o
                0x00001f60                LCD_voidSendNumber
 .text.main     0x000020d4       0x26 ./main.o
                0x000020d4                main
 .text.libgcc   0x000020fa       0x3e c:/users/youss/iti embedded systems 3-months program/01- embedded systems avr tools/01- imt sdk/imt_sdk_win_64/winavr/bin/../lib/gcc/avr/4.3.3/avr5\libgcc.a(_mulsi3.o)
                0x000020fa                __mulsi3
 .text.libgcc   0x00002138       0x44 c:/users/youss/iti embedded systems 3-months program/01- embedded systems avr tools/01- imt sdk/imt_sdk_win_64/winavr/bin/../lib/gcc/avr/4.3.3/avr5\libgcc.a(_udivmodsi4.o)
                0x00002138                __udivmodsi4
 .text.libgcc   0x0000217c        0x0 c:/users/youss/iti embedded systems 3-months program/01- embedded systems avr tools/01- imt sdk/imt_sdk_win_64/winavr/bin/../lib/gcc/avr/4.3.3/avr5\libgcc.a(_exit.o)
 .text.libgcc   0x0000217c        0x0 c:/users/youss/iti embedded systems 3-months program/01- embedded systems avr tools/01- imt sdk/imt_sdk_win_64/winavr/bin/../lib/gcc/avr/4.3.3/avr5\libgcc.a(_copy_data.o)
 .text.libgcc   0x0000217c        0x0 c:/users/youss/iti embedded systems 3-months program/01- embedded systems avr tools/01- imt sdk/imt_sdk_win_64/winavr/bin/../lib/gcc/avr/4.3.3/avr5\libgcc.a(_clear_bss.o)
 .text.libgcc   0x0000217c       0x38 c:/users/youss/iti embedded systems 3-months program/01- embedded systems avr tools/01- imt sdk/imt_sdk_win_64/winavr/bin/../lib/gcc/avr/4.3.3/avr5\libgcc.a(_prologue.o)
                0x0000217c                __prologue_saves__
 .text.libgcc   0x000021b4       0x36 c:/users/youss/iti embedded systems 3-months program/01- embedded systems avr tools/01- imt sdk/imt_sdk_win_64/winavr/bin/../lib/gcc/avr/4.3.3/avr5\libgcc.a(_epilogue.o)
                0x000021b4                __epilogue_restores__
                0x000021ea                . = ALIGN (0x2)
 *(.fini9)
 .fini9         0x000021ea        0x0 c:/users/youss/iti embedded systems 3-months program/01- embedded systems avr tools/01- imt sdk/imt_sdk_win_64/winavr/bin/../lib/gcc/avr/4.3.3/avr5\libgcc.a(_exit.o)
                0x000021ea                exit
                0x000021ea                _exit
 *(.fini9)
 *(.fini8)
 *(.fini8)
 *(.fini7)
 *(.fini7)
 *(.fini6)
 *(.fini6)
 *(.fini5)
 *(.fini5)
 *(.fini4)
 *(.fini4)
 *(.fini3)
 *(.fini3)
 *(.fini2)
 *(.fini2)
 *(.fini1)
 *(.fini1)
 *(.fini0)
 .fini0         0x000021ea        0x4 c:/users/youss/iti embedded systems 3-months program/01- embedded systems avr tools/01- imt sdk/imt_sdk_win_64/winavr/bin/../lib/gcc/avr/4.3.3/avr5\libgcc.a(_exit.o)
 *(.fini0)
                0x000021ee                _etext = .

.data           0x00800060       0x22 load address 0x000021ee
                0x00800060                PROVIDE (__data_start, .)
 *(.data)
 .data          0x00800060        0x0 c:/users/youss/iti embedded systems 3-months program/01- embedded systems avr tools/01- imt sdk/imt_sdk_win_64/winavr/bin/../lib/gcc/avr/4.3.3/../../../../avr/lib/avr5/crtm32.o
 .data          0x00800060        0x0 ./DIO.o
 .data          0x00800060        0x0 ./KPD.o
 .data          0x00800060        0x2 ./LCD.o
 .data          0x00800062        0x0 ./main.o
 .data          0x00800062        0x0 c:/users/youss/iti embedded systems 3-months program/01- embedded systems avr tools/01- imt sdk/imt_sdk_win_64/winavr/bin/../lib/gcc/avr/4.3.3/avr5\libgcc.a(_mulsi3.o)
 .data          0x00800062        0x0 c:/users/youss/iti embedded systems 3-months program/01- embedded systems avr tools/01- imt sdk/imt_sdk_win_64/winavr/bin/../lib/gcc/avr/4.3.3/avr5\libgcc.a(_udivmodsi4.o)
 .data          0x00800062        0x0 c:/users/youss/iti embedded systems 3-months program/01- embedded systems avr tools/01- imt sdk/imt_sdk_win_64/winavr/bin/../lib/gcc/avr/4.3.3/avr5\libgcc.a(_exit.o)
 .data          0x00800062        0x0 c:/users/youss/iti embedded systems 3-months program/01- embedded systems avr tools/01- imt sdk/imt_sdk_win_64/winavr/bin/../lib/gcc/avr/4.3.3/avr5\libgcc.a(_copy_data.o)
 .data          0x00800062        0x0 c:/users/youss/iti embedded systems 3-months program/01- embedded systems avr tools/01- imt sdk/imt_sdk_win_64/winavr/bin/../lib/gcc/avr/4.3.3/avr5\libgcc.a(_clear_bss.o)
 .data          0x00800062        0x0 c:/users/youss/iti embedded systems 3-months program/01- embedded systems avr tools/01- imt sdk/imt_sdk_win_64/winavr/bin/../lib/gcc/avr/4.3.3/avr5\libgcc.a(_fixunssfsi.o)
 .data          0x00800062        0x0 c:/users/youss/iti embedded systems 3-months program/01- embedded systems avr tools/01- imt sdk/imt_sdk_win_64/winavr/bin/../lib/gcc/avr/4.3.3/avr5\libgcc.a(_addsub_sf.o)
 .data          0x00800062        0x0 c:/users/youss/iti embedded systems 3-months program/01- embedded systems avr tools/01- imt sdk/imt_sdk_win_64/winavr/bin/../lib/gcc/avr/4.3.3/avr5\libgcc.a(_mul_sf.o)
 .data          0x00800062        0x0 c:/users/youss/iti embedded systems 3-months program/01- embedded systems avr tools/01- imt sdk/imt_sdk_win_64/winavr/bin/../lib/gcc/avr/4.3.3/avr5\libgcc.a(_div_sf.o)
 .data          0x00800062        0x0 c:/users/youss/iti embedded systems 3-months program/01- embedded systems avr tools/01- imt sdk/imt_sdk_win_64/winavr/bin/../lib/gcc/avr/4.3.3/avr5\libgcc.a(_gt_sf.o)
 .data          0x00800062        0x0 c:/users/youss/iti embedded systems 3-months program/01- embedded systems avr tools/01- imt sdk/imt_sdk_win_64/winavr/bin/../lib/gcc/avr/4.3.3/avr5\libgcc.a(_ge_sf.o)
 .data          0x00800062        0x0 c:/users/youss/iti embedded systems 3-months program/01- embedded systems avr tools/01- imt sdk/imt_sdk_win_64/winavr/bin/../lib/gcc/avr/4.3.3/avr5\libgcc.a(_lt_sf.o)
 .data          0x00800062        0x0 c:/users/youss/iti embedded systems 3-months program/01- embedded systems avr tools/01- imt sdk/imt_sdk_win_64/winavr/bin/../lib/gcc/avr/4.3.3/avr5\libgcc.a(_sf_to_si.o)
 .data          0x00800062        0x8 c:/users/youss/iti embedded systems 3-months program/01- embedded systems avr tools/01- imt sdk/imt_sdk_win_64/winavr/bin/../lib/gcc/avr/4.3.3/avr5\libgcc.a(_thenan_sf.o)
                0x00800062                __thenan_sf
 .data          0x0080006a        0x0 c:/users/youss/iti embedded systems 3-months program/01- embedded systems avr tools/01- imt sdk/imt_sdk_win_64/winavr/bin/../lib/gcc/avr/4.3.3/avr5\libgcc.a(_prologue.o)
 .data          0x0080006a        0x0 c:/users/youss/iti embedded systems 3-months program/01- embedded systems avr tools/01- imt sdk/imt_sdk_win_64/winavr/bin/../lib/gcc/avr/4.3.3/avr5\libgcc.a(_epilogue.o)
 .data          0x0080006a        0x0 c:/users/youss/iti embedded systems 3-months program/01- embedded systems avr tools/01- imt sdk/imt_sdk_win_64/winavr/bin/../lib/gcc/avr/4.3.3/avr5\libgcc.a(_pack_sf.o)
 .data          0x0080006a        0x0 c:/users/youss/iti embedded systems 3-months program/01- embedded systems avr tools/01- imt sdk/imt_sdk_win_64/winavr/bin/../lib/gcc/avr/4.3.3/avr5\libgcc.a(_unpack_sf.o)
 .data          0x0080006a        0x0 c:/users/youss/iti embedded systems 3-months program/01- embedded systems avr tools/01- imt sdk/imt_sdk_win_64/winavr/bin/../lib/gcc/avr/4.3.3/avr5\libgcc.a(_fpcmp_parts_sf.o)
 *(.data*)
 .data.KPD_Au8RowPins
                0x0080006a        0x4 ./KPD.o
                0x0080006a                KPD_Au8RowPins
 .data.KPD_Au8ColPins
                0x0080006e        0x4 ./KPD.o
                0x0080006e                KPD_Au8ColPins
 .data.KPD_Au8Keys
                0x00800072       0x10 ./KPD.o
                0x00800072                KPD_Au8Keys
 *(.rodata)
 *(.rodata*)
 *(.gnu.linkonce.d*)
                0x00800082                . = ALIGN (0x2)
                0x00800082                _edata = .
                0x00800082                PROVIDE (__data_end, .)

.bss            0x00800082       0x10
                0x00800082                PROVIDE (__bss_start, .)
 *(.bss)
 .bss           0x00800082        0x0 c:/users/youss/iti embedded systems 3-months program/01- embedded systems avr tools/01- imt sdk/imt_sdk_win_64/winavr/bin/../lib/gcc/avr/4.3.3/../../../../avr/lib/avr5/crtm32.o
 .bss           0x00800082        0x0 ./DIO.o
 .bss           0x00800082        0x0 ./KPD.o
 .bss           0x00800082        0x0 ./LCD.o
 .bss           0x00800082        0x0 ./main.o
 .bss           0x00800082        0x0 c:/users/youss/iti embedded systems 3-months program/01- embedded systems avr tools/01- imt sdk/imt_sdk_win_64/winavr/bin/../lib/gcc/avr/4.3.3/avr5\libgcc.a(_mulsi3.o)
 .bss           0x00800082        0x0 c:/users/youss/iti embedded systems 3-months program/01- embedded systems avr tools/01- imt sdk/imt_sdk_win_64/winavr/bin/../lib/gcc/avr/4.3.3/avr5\libgcc.a(_udivmodsi4.o)
 .bss           0x00800082        0x0 c:/users/youss/iti embedded systems 3-months program/01- embedded systems avr tools/01- imt sdk/imt_sdk_win_64/winavr/bin/../lib/gcc/avr/4.3.3/avr5\libgcc.a(_exit.o)
 .bss           0x00800082        0x0 c:/users/youss/iti embedded systems 3-months program/01- embedded systems avr tools/01- imt sdk/imt_sdk_win_64/winavr/bin/../lib/gcc/avr/4.3.3/avr5\libgcc.a(_copy_data.o)
 .bss           0x00800082        0x0 c:/users/youss/iti embedded systems 3-months program/01- embedded systems avr tools/01- imt sdk/imt_sdk_win_64/winavr/bin/../lib/gcc/avr/4.3.3/avr5\libgcc.a(_clear_bss.o)
 .bss           0x00800082        0x0 c:/users/youss/iti embedded systems 3-months program/01- embedded systems avr tools/01- imt sdk/imt_sdk_win_64/winavr/bin/../lib/gcc/avr/4.3.3/avr5\libgcc.a(_fixunssfsi.o)
 .bss           0x00800082        0x0 c:/users/youss/iti embedded systems 3-months program/01- embedded systems avr tools/01- imt sdk/imt_sdk_win_64/winavr/bin/../lib/gcc/avr/4.3.3/avr5\libgcc.a(_addsub_sf.o)
 .bss           0x00800082        0x0 c:/users/youss/iti embedded systems 3-months program/01- embedded systems avr tools/01- imt sdk/imt_sdk_win_64/winavr/bin/../lib/gcc/avr/4.3.3/avr5\libgcc.a(_mul_sf.o)
 .bss           0x00800082        0x0 c:/users/youss/iti embedded systems 3-months program/01- embedded systems avr tools/01- imt sdk/imt_sdk_win_64/winavr/bin/../lib/gcc/avr/4.3.3/avr5\libgcc.a(_div_sf.o)
 .bss           0x00800082        0x0 c:/users/youss/iti embedded systems 3-months program/01- embedded systems avr tools/01- imt sdk/imt_sdk_win_64/winavr/bin/../lib/gcc/avr/4.3.3/avr5\libgcc.a(_gt_sf.o)
 .bss           0x00800082        0x0 c:/users/youss/iti embedded systems 3-months program/01- embedded systems avr tools/01- imt sdk/imt_sdk_win_64/winavr/bin/../lib/gcc/avr/4.3.3/avr5\libgcc.a(_ge_sf.o)
 .bss           0x00800082        0x0 c:/users/youss/iti embedded systems 3-months program/01- embedded systems avr tools/01- imt sdk/imt_sdk_win_64/winavr/bin/../lib/gcc/avr/4.3.3/avr5\libgcc.a(_lt_sf.o)
 .bss           0x00800082        0x0 c:/users/youss/iti embedded systems 3-months program/01- embedded systems avr tools/01- imt sdk/imt_sdk_win_64/winavr/bin/../lib/gcc/avr/4.3.3/avr5\libgcc.a(_sf_to_si.o)
 .bss           0x00800082        0x0 c:/users/youss/iti embedded systems 3-months program/01- embedded systems avr tools/01- imt sdk/imt_sdk_win_64/winavr/bin/../lib/gcc/avr/4.3.3/avr5\libgcc.a(_thenan_sf.o)
 .bss           0x00800082        0x0 c:/users/youss/iti embedded systems 3-months program/01- embedded systems avr tools/01- imt sdk/imt_sdk_win_64/winavr/bin/../lib/gcc/avr/4.3.3/avr5\libgcc.a(_prologue.o)
 .bss           0x00800082        0x0 c:/users/youss/iti embedded systems 3-months program/01- embedded systems avr tools/01- imt sdk/imt_sdk_win_64/winavr/bin/../lib/gcc/avr/4.3.3/avr5\libgcc.a(_epilogue.o)
 .bss           0x00800082        0x0 c:/users/youss/iti embedded systems 3-months program/01- embedded systems avr tools/01- imt sdk/imt_sdk_win_64/winavr/bin/../lib/gcc/avr/4.3.3/avr5\libgcc.a(_pack_sf.o)
 .bss           0x00800082        0x0 c:/users/youss/iti embedded systems 3-months program/01- embedded systems avr tools/01- imt sdk/imt_sdk_win_64/winavr/bin/../lib/gcc/avr/4.3.3/avr5\libgcc.a(_unpack_sf.o)
 .bss           0x00800082        0x0 c:/users/youss/iti embedded systems 3-months program/01- embedded systems avr tools/01- imt sdk/imt_sdk_win_64/winavr/bin/../lib/gcc/avr/4.3.3/avr5\libgcc.a(_fpcmp_parts_sf.o)
 *(.bss*)
 *(COMMON)
 COMMON         0x00800082       0x10 ./DIO.o
                0x00800082                s64
                0x0080008a                u64
                0x00800092                PROVIDE (__bss_end, .)
                0x000021ee                __data_load_start = LOADADDR (.data)
                0x00002210                __data_load_end = (__data_load_start + SIZEOF (.data))

.noinit         0x00800092        0x0
                0x00800092                PROVIDE (__noinit_start, .)
 *(.noinit*)
                0x00800092                PROVIDE (__noinit_end, .)
                0x00800092                _end = .
                0x00800092                PROVIDE (__heap_start, .)

.eeprom         0x00810000        0x0
 *(.eeprom*)
                0x00810000                __eeprom_end = .

.fuse
 *(.fuse)
 *(.lfuse)
 *(.hfuse)
 *(.efuse)

.lock
 *(.lock*)

.signature
 *(.signature*)

.stab           0x00000000     0x16b0
 *(.stab)
 .stab          0x00000000      0x768 ./DIO.o
 .stab          0x00000768      0x384 ./KPD.o
                                0x5b8 (size before relaxing)
 .stab          0x00000aec      0xa14 ./LCD.o
                                0xc48 (size before relaxing)
 .stab          0x00001500      0x1b0 ./main.o
                                0x3e4 (size before relaxing)

.stabstr        0x00000000      0xe83
 *(.stabstr)
 .stabstr       0x00000000      0xe83 ./DIO.o

.stab.excl
 *(.stab.excl)

.stab.exclstr
 *(.stab.exclstr)

.stab.index
 *(.stab.index)

.stab.indexstr
 *(.stab.indexstr)

.comment
 *(.comment)

.debug
 *(.debug)

.line
 *(.line)

.debug_srcinfo
 *(.debug_srcinfo)

.debug_sfnames
 *(.debug_sfnames)

.debug_aranges  0x00000000      0x160
 *(.debug_aranges)
 .debug_aranges
                0x00000000       0x20 c:/users/youss/iti embedded systems 3-months program/01- embedded systems avr tools/01- imt sdk/imt_sdk_win_64/winavr/bin/../lib/gcc/avr/4.3.3/avr5\libgcc.a(_fixunssfsi.o)
 .debug_aranges
                0x00000020       0x20 c:/users/youss/iti embedded systems 3-months program/01- embedded systems avr tools/01- imt sdk/imt_sdk_win_64/winavr/bin/../lib/gcc/avr/4.3.3/avr5\libgcc.a(_addsub_sf.o)
 .debug_aranges
                0x00000040       0x20 c:/users/youss/iti embedded systems 3-months program/01- embedded systems avr tools/01- imt sdk/imt_sdk_win_64/winavr/bin/../lib/gcc/avr/4.3.3/avr5\libgcc.a(_mul_sf.o)
 .debug_aranges
                0x00000060       0x20 c:/users/youss/iti embedded systems 3-months program/01- embedded systems avr tools/01- imt sdk/imt_sdk_win_64/winavr/bin/../lib/gcc/avr/4.3.3/avr5\libgcc.a(_div_sf.o)
 .debug_aranges
                0x00000080       0x20 c:/users/youss/iti embedded systems 3-months program/01- embedded systems avr tools/01- imt sdk/imt_sdk_win_64/winavr/bin/../lib/gcc/avr/4.3.3/avr5\libgcc.a(_gt_sf.o)
 .debug_aranges
                0x000000a0       0x20 c:/users/youss/iti embedded systems 3-months program/01- embedded systems avr tools/01- imt sdk/imt_sdk_win_64/winavr/bin/../lib/gcc/avr/4.3.3/avr5\libgcc.a(_ge_sf.o)
 .debug_aranges
                0x000000c0       0x20 c:/users/youss/iti embedded systems 3-months program/01- embedded systems avr tools/01- imt sdk/imt_sdk_win_64/winavr/bin/../lib/gcc/avr/4.3.3/avr5\libgcc.a(_lt_sf.o)
 .debug_aranges
                0x000000e0       0x20 c:/users/youss/iti embedded systems 3-months program/01- embedded systems avr tools/01- imt sdk/imt_sdk_win_64/winavr/bin/../lib/gcc/avr/4.3.3/avr5\libgcc.a(_sf_to_si.o)
 .debug_aranges
                0x00000100       0x20 c:/users/youss/iti embedded systems 3-months program/01- embedded systems avr tools/01- imt sdk/imt_sdk_win_64/winavr/bin/../lib/gcc/avr/4.3.3/avr5\libgcc.a(_pack_sf.o)
 .debug_aranges
                0x00000120       0x20 c:/users/youss/iti embedded systems 3-months program/01- embedded systems avr tools/01- imt sdk/imt_sdk_win_64/winavr/bin/../lib/gcc/avr/4.3.3/avr5\libgcc.a(_unpack_sf.o)
 .debug_aranges
                0x00000140       0x20 c:/users/youss/iti embedded systems 3-months program/01- embedded systems avr tools/01- imt sdk/imt_sdk_win_64/winavr/bin/../lib/gcc/avr/4.3.3/avr5\libgcc.a(_fpcmp_parts_sf.o)

.debug_pubnames
                0x00000000      0x18f
 *(.debug_pubnames)
 .debug_pubnames
                0x00000000       0x23 c:/users/youss/iti embedded systems 3-months program/01- embedded systems avr tools/01- imt sdk/imt_sdk_win_64/winavr/bin/../lib/gcc/avr/4.3.3/avr5\libgcc.a(_fixunssfsi.o)
 .debug_pubnames
                0x00000023       0x2c c:/users/youss/iti embedded systems 3-months program/01- embedded systems avr tools/01- imt sdk/imt_sdk_win_64/winavr/bin/../lib/gcc/avr/4.3.3/avr5\libgcc.a(_addsub_sf.o)
 .debug_pubnames
                0x0000004f       0x1f c:/users/youss/iti embedded systems 3-months program/01- embedded systems avr tools/01- imt sdk/imt_sdk_win_64/winavr/bin/../lib/gcc/avr/4.3.3/avr5\libgcc.a(_mul_sf.o)
 .debug_pubnames
                0x0000006e       0x1f c:/users/youss/iti embedded systems 3-months program/01- embedded systems avr tools/01- imt sdk/imt_sdk_win_64/winavr/bin/../lib/gcc/avr/4.3.3/avr5\libgcc.a(_div_sf.o)
 .debug_pubnames
                0x0000008d       0x1e c:/users/youss/iti embedded systems 3-months program/01- embedded systems avr tools/01- imt sdk/imt_sdk_win_64/winavr/bin/../lib/gcc/avr/4.3.3/avr5\libgcc.a(_gt_sf.o)
 .debug_pubnames
                0x000000ab       0x1e c:/users/youss/iti embedded systems 3-months program/01- embedded systems avr tools/01- imt sdk/imt_sdk_win_64/winavr/bin/../lib/gcc/avr/4.3.3/avr5\libgcc.a(_ge_sf.o)
 .debug_pubnames
                0x000000c9       0x1e c:/users/youss/iti embedded systems 3-months program/01- embedded systems avr tools/01- imt sdk/imt_sdk_win_64/winavr/bin/../lib/gcc/avr/4.3.3/avr5\libgcc.a(_lt_sf.o)
 .debug_pubnames
                0x000000e7       0x20 c:/users/youss/iti embedded systems 3-months program/01- embedded systems avr tools/01- imt sdk/imt_sdk_win_64/winavr/bin/../lib/gcc/avr/4.3.3/avr5\libgcc.a(_sf_to_si.o)
 .debug_pubnames
                0x00000107       0x22 c:/users/youss/iti embedded systems 3-months program/01- embedded systems avr tools/01- imt sdk/imt_sdk_win_64/winavr/bin/../lib/gcc/avr/4.3.3/avr5\libgcc.a(_thenan_sf.o)
 .debug_pubnames
                0x00000129       0x1f c:/users/youss/iti embedded systems 3-months program/01- embedded systems avr tools/01- imt sdk/imt_sdk_win_64/winavr/bin/../lib/gcc/avr/4.3.3/avr5\libgcc.a(_pack_sf.o)
 .debug_pubnames
                0x00000148       0x21 c:/users/youss/iti embedded systems 3-months program/01- embedded systems avr tools/01- imt sdk/imt_sdk_win_64/winavr/bin/../lib/gcc/avr/4.3.3/avr5\libgcc.a(_unpack_sf.o)
 .debug_pubnames
                0x00000169       0x26 c:/users/youss/iti embedded systems 3-months program/01- embedded systems avr tools/01- imt sdk/imt_sdk_win_64/winavr/bin/../lib/gcc/avr/4.3.3/avr5\libgcc.a(_fpcmp_parts_sf.o)

.debug_info     0x00000000     0x2045
 *(.debug_info)
 .debug_info    0x00000000       0xb1 c:/users/youss/iti embedded systems 3-months program/01- embedded systems avr tools/01- imt sdk/imt_sdk_win_64/winavr/bin/../lib/gcc/avr/4.3.3/avr5\libgcc.a(_fixunssfsi.o)
 .debug_info    0x000000b1      0x47a c:/users/youss/iti embedded systems 3-months program/01- embedded systems avr tools/01- imt sdk/imt_sdk_win_64/winavr/bin/../lib/gcc/avr/4.3.3/avr5\libgcc.a(_addsub_sf.o)
 .debug_info    0x0000052b      0x485 c:/users/youss/iti embedded systems 3-months program/01- embedded systems avr tools/01- imt sdk/imt_sdk_win_64/winavr/bin/../lib/gcc/avr/4.3.3/avr5\libgcc.a(_mul_sf.o)
 .debug_info    0x000009b0      0x3fc c:/users/youss/iti embedded systems 3-months program/01- embedded systems avr tools/01- imt sdk/imt_sdk_win_64/winavr/bin/../lib/gcc/avr/4.3.3/avr5\libgcc.a(_div_sf.o)
 .debug_info    0x00000dac      0x27f c:/users/youss/iti embedded systems 3-months program/01- embedded systems avr tools/01- imt sdk/imt_sdk_win_64/winavr/bin/../lib/gcc/avr/4.3.3/avr5\libgcc.a(_gt_sf.o)
 .debug_info    0x0000102b      0x27f c:/users/youss/iti embedded systems 3-months program/01- embedded systems avr tools/01- imt sdk/imt_sdk_win_64/winavr/bin/../lib/gcc/avr/4.3.3/avr5\libgcc.a(_ge_sf.o)
 .debug_info    0x000012aa      0x27f c:/users/youss/iti embedded systems 3-months program/01- embedded systems avr tools/01- imt sdk/imt_sdk_win_64/winavr/bin/../lib/gcc/avr/4.3.3/avr5\libgcc.a(_lt_sf.o)
 .debug_info    0x00001529      0x2b0 c:/users/youss/iti embedded systems 3-months program/01- embedded systems avr tools/01- imt sdk/imt_sdk_win_64/winavr/bin/../lib/gcc/avr/4.3.3/avr5\libgcc.a(_sf_to_si.o)
 .debug_info    0x000017d9      0x12c c:/users/youss/iti embedded systems 3-months program/01- embedded systems avr tools/01- imt sdk/imt_sdk_win_64/winavr/bin/../lib/gcc/avr/4.3.3/avr5\libgcc.a(_thenan_sf.o)
 .debug_info    0x00001905      0x2df c:/users/youss/iti embedded systems 3-months program/01- embedded systems avr tools/01- imt sdk/imt_sdk_win_64/winavr/bin/../lib/gcc/avr/4.3.3/avr5\libgcc.a(_pack_sf.o)
 .debug_info    0x00001be4      0x251 c:/users/youss/iti embedded systems 3-months program/01- embedded systems avr tools/01- imt sdk/imt_sdk_win_64/winavr/bin/../lib/gcc/avr/4.3.3/avr5\libgcc.a(_unpack_sf.o)
 .debug_info    0x00001e35      0x210 c:/users/youss/iti embedded systems 3-months program/01- embedded systems avr tools/01- imt sdk/imt_sdk_win_64/winavr/bin/../lib/gcc/avr/4.3.3/avr5\libgcc.a(_fpcmp_parts_sf.o)
 *(.gnu.linkonce.wi.*)

.debug_abbrev   0x00000000     0x1101
 *(.debug_abbrev)
 .debug_abbrev  0x00000000       0x5d c:/users/youss/iti embedded systems 3-months program/01- embedded systems avr tools/01- imt sdk/imt_sdk_win_64/winavr/bin/../lib/gcc/avr/4.3.3/avr5\libgcc.a(_fixunssfsi.o)
 .debug_abbrev  0x0000005d      0x1ea c:/users/youss/iti embedded systems 3-months program/01- embedded systems avr tools/01- imt sdk/imt_sdk_win_64/winavr/bin/../lib/gcc/avr/4.3.3/avr5\libgcc.a(_addsub_sf.o)
 .debug_abbrev  0x00000247      0x21b c:/users/youss/iti embedded systems 3-months program/01- embedded systems avr tools/01- imt sdk/imt_sdk_win_64/winavr/bin/../lib/gcc/avr/4.3.3/avr5\libgcc.a(_mul_sf.o)
 .debug_abbrev  0x00000462      0x216 c:/users/youss/iti embedded systems 3-months program/01- embedded systems avr tools/01- imt sdk/imt_sdk_win_64/winavr/bin/../lib/gcc/avr/4.3.3/avr5\libgcc.a(_div_sf.o)
 .debug_abbrev  0x00000678      0x15a c:/users/youss/iti embedded systems 3-months program/01- embedded systems avr tools/01- imt sdk/imt_sdk_win_64/winavr/bin/../lib/gcc/avr/4.3.3/avr5\libgcc.a(_gt_sf.o)
 .debug_abbrev  0x000007d2      0x15a c:/users/youss/iti embedded systems 3-months program/01- embedded systems avr tools/01- imt sdk/imt_sdk_win_64/winavr/bin/../lib/gcc/avr/4.3.3/avr5\libgcc.a(_ge_sf.o)
 .debug_abbrev  0x0000092c      0x15a c:/users/youss/iti embedded systems 3-months program/01- embedded systems avr tools/01- imt sdk/imt_sdk_win_64/winavr/bin/../lib/gcc/avr/4.3.3/avr5\libgcc.a(_lt_sf.o)
 .debug_abbrev  0x00000a86      0x17f c:/users/youss/iti embedded systems 3-months program/01- embedded systems avr tools/01- imt sdk/imt_sdk_win_64/winavr/bin/../lib/gcc/avr/4.3.3/avr5\libgcc.a(_sf_to_si.o)
 .debug_abbrev  0x00000c05       0xad c:/users/youss/iti embedded systems 3-months program/01- embedded systems avr tools/01- imt sdk/imt_sdk_win_64/winavr/bin/../lib/gcc/avr/4.3.3/avr5\libgcc.a(_thenan_sf.o)
 .debug_abbrev  0x00000cb2      0x1c0 c:/users/youss/iti embedded systems 3-months program/01- embedded systems avr tools/01- imt sdk/imt_sdk_win_64/winavr/bin/../lib/gcc/avr/4.3.3/avr5\libgcc.a(_pack_sf.o)
 .debug_abbrev  0x00000e72      0x154 c:/users/youss/iti embedded systems 3-months program/01- embedded systems avr tools/01- imt sdk/imt_sdk_win_64/winavr/bin/../lib/gcc/avr/4.3.3/avr5\libgcc.a(_unpack_sf.o)
 .debug_abbrev  0x00000fc6      0x13b c:/users/youss/iti embedded systems 3-months program/01- embedded systems avr tools/01- imt sdk/imt_sdk_win_64/winavr/bin/../lib/gcc/avr/4.3.3/avr5\libgcc.a(_fpcmp_parts_sf.o)

.debug_line     0x00000000      0xf82
 *(.debug_line)
 .debug_line    0x00000000       0xa7 c:/users/youss/iti embedded systems 3-months program/01- embedded systems avr tools/01- imt sdk/imt_sdk_win_64/winavr/bin/../lib/gcc/avr/4.3.3/avr5\libgcc.a(_fixunssfsi.o)
 .debug_line    0x000000a7      0x2af c:/users/youss/iti embedded systems 3-months program/01- embedded systems avr tools/01- imt sdk/imt_sdk_win_64/winavr/bin/../lib/gcc/avr/4.3.3/avr5\libgcc.a(_addsub_sf.o)
 .debug_line    0x00000356      0x239 c:/users/youss/iti embedded systems 3-months program/01- embedded systems avr tools/01- imt sdk/imt_sdk_win_64/winavr/bin/../lib/gcc/avr/4.3.3/avr5\libgcc.a(_mul_sf.o)
 .debug_line    0x0000058f      0x1d5 c:/users/youss/iti embedded systems 3-months program/01- embedded systems avr tools/01- imt sdk/imt_sdk_win_64/winavr/bin/../lib/gcc/avr/4.3.3/avr5\libgcc.a(_div_sf.o)
 .debug_line    0x00000764       0xd3 c:/users/youss/iti embedded systems 3-months program/01- embedded systems avr tools/01- imt sdk/imt_sdk_win_64/winavr/bin/../lib/gcc/avr/4.3.3/avr5\libgcc.a(_gt_sf.o)
 .debug_line    0x00000837       0xd3 c:/users/youss/iti embedded systems 3-months program/01- embedded systems avr tools/01- imt sdk/imt_sdk_win_64/winavr/bin/../lib/gcc/avr/4.3.3/avr5\libgcc.a(_ge_sf.o)
 .debug_line    0x0000090a       0xd3 c:/users/youss/iti embedded systems 3-months program/01- embedded systems avr tools/01- imt sdk/imt_sdk_win_64/winavr/bin/../lib/gcc/avr/4.3.3/avr5\libgcc.a(_lt_sf.o)
 .debug_line    0x000009dd      0x109 c:/users/youss/iti embedded systems 3-months program/01- embedded systems avr tools/01- imt sdk/imt_sdk_win_64/winavr/bin/../lib/gcc/avr/4.3.3/avr5\libgcc.a(_sf_to_si.o)
 .debug_line    0x00000ae6       0x90 c:/users/youss/iti embedded systems 3-months program/01- embedded systems avr tools/01- imt sdk/imt_sdk_win_64/winavr/bin/../lib/gcc/avr/4.3.3/avr5\libgcc.a(_thenan_sf.o)
 .debug_line    0x00000b76      0x18a c:/users/youss/iti embedded systems 3-months program/01- embedded systems avr tools/01- imt sdk/imt_sdk_win_64/winavr/bin/../lib/gcc/avr/4.3.3/avr5\libgcc.a(_pack_sf.o)
 .debug_line    0x00000d00      0x14b c:/users/youss/iti embedded systems 3-months program/01- embedded systems avr tools/01- imt sdk/imt_sdk_win_64/winavr/bin/../lib/gcc/avr/4.3.3/avr5\libgcc.a(_unpack_sf.o)
 .debug_line    0x00000e4b      0x137 c:/users/youss/iti embedded systems 3-months program/01- embedded systems avr tools/01- imt sdk/imt_sdk_win_64/winavr/bin/../lib/gcc/avr/4.3.3/avr5\libgcc.a(_fpcmp_parts_sf.o)

.debug_frame    0x00000000      0x180
 *(.debug_frame)
 .debug_frame   0x00000000       0x20 c:/users/youss/iti embedded systems 3-months program/01- embedded systems avr tools/01- imt sdk/imt_sdk_win_64/winavr/bin/../lib/gcc/avr/4.3.3/avr5\libgcc.a(_fixunssfsi.o)
 .debug_frame   0x00000020       0x40 c:/users/youss/iti embedded systems 3-months program/01- embedded systems avr tools/01- imt sdk/imt_sdk_win_64/winavr/bin/../lib/gcc/avr/4.3.3/avr5\libgcc.a(_addsub_sf.o)
 .debug_frame   0x00000060       0x20 c:/users/youss/iti embedded systems 3-months program/01- embedded systems avr tools/01- imt sdk/imt_sdk_win_64/winavr/bin/../lib/gcc/avr/4.3.3/avr5\libgcc.a(_mul_sf.o)
 .debug_frame   0x00000080       0x20 c:/users/youss/iti embedded systems 3-months program/01- embedded systems avr tools/01- imt sdk/imt_sdk_win_64/winavr/bin/../lib/gcc/avr/4.3.3/avr5\libgcc.a(_div_sf.o)
 .debug_frame   0x000000a0       0x20 c:/users/youss/iti embedded systems 3-months program/01- embedded systems avr tools/01- imt sdk/imt_sdk_win_64/winavr/bin/../lib/gcc/avr/4.3.3/avr5\libgcc.a(_gt_sf.o)
 .debug_frame   0x000000c0       0x20 c:/users/youss/iti embedded systems 3-months program/01- embedded systems avr tools/01- imt sdk/imt_sdk_win_64/winavr/bin/../lib/gcc/avr/4.3.3/avr5\libgcc.a(_ge_sf.o)
 .debug_frame   0x000000e0       0x20 c:/users/youss/iti embedded systems 3-months program/01- embedded systems avr tools/01- imt sdk/imt_sdk_win_64/winavr/bin/../lib/gcc/avr/4.3.3/avr5\libgcc.a(_lt_sf.o)
 .debug_frame   0x00000100       0x20 c:/users/youss/iti embedded systems 3-months program/01- embedded systems avr tools/01- imt sdk/imt_sdk_win_64/winavr/bin/../lib/gcc/avr/4.3.3/avr5\libgcc.a(_sf_to_si.o)
 .debug_frame   0x00000120       0x20 c:/users/youss/iti embedded systems 3-months program/01- embedded systems avr tools/01- imt sdk/imt_sdk_win_64/winavr/bin/../lib/gcc/avr/4.3.3/avr5\libgcc.a(_pack_sf.o)
 .debug_frame   0x00000140       0x20 c:/users/youss/iti embedded systems 3-months program/01- embedded systems avr tools/01- imt sdk/imt_sdk_win_64/winavr/bin/../lib/gcc/avr/4.3.3/avr5\libgcc.a(_unpack_sf.o)
 .debug_frame   0x00000160       0x20 c:/users/youss/iti embedded systems 3-months program/01- embedded systems avr tools/01- imt sdk/imt_sdk_win_64/winavr/bin/../lib/gcc/avr/4.3.3/avr5\libgcc.a(_fpcmp_parts_sf.o)

.debug_str      0x00000000      0x2c2
 *(.debug_str)
 .debug_str     0x00000000       0xbf c:/users/youss/iti embedded systems 3-months program/01- embedded systems avr tools/01- imt sdk/imt_sdk_win_64/winavr/bin/../lib/gcc/avr/4.3.3/avr5\libgcc.a(_fixunssfsi.o)
                                 0xfe (size before relaxing)
 .debug_str     0x000000bf      0x14d c:/users/youss/iti embedded systems 3-months program/01- embedded systems avr tools/01- imt sdk/imt_sdk_win_64/winavr/bin/../lib/gcc/avr/4.3.3/avr5\libgcc.a(_addsub_sf.o)
                                0x206 (size before relaxing)
 .debug_str     0x0000020c       0x27 c:/users/youss/iti embedded systems 3-months program/01- embedded systems avr tools/01- imt sdk/imt_sdk_win_64/winavr/bin/../lib/gcc/avr/4.3.3/avr5\libgcc.a(_mul_sf.o)
                                0x1bf (size before relaxing)
 .debug_str     0x00000233       0x35 c:/users/youss/iti embedded systems 3-months program/01- embedded systems avr tools/01- imt sdk/imt_sdk_win_64/winavr/bin/../lib/gcc/avr/4.3.3/avr5\libgcc.a(_div_sf.o)
                                0x1c8 (size before relaxing)
 .debug_str     0x00000268        0xf c:/users/youss/iti embedded systems 3-months program/01- embedded systems avr tools/01- imt sdk/imt_sdk_win_64/winavr/bin/../lib/gcc/avr/4.3.3/avr5\libgcc.a(_gt_sf.o)
                                0x195 (size before relaxing)
 .debug_str     0x00000277        0x8 c:/users/youss/iti embedded systems 3-months program/01- embedded systems avr tools/01- imt sdk/imt_sdk_win_64/winavr/bin/../lib/gcc/avr/4.3.3/avr5\libgcc.a(_ge_sf.o)
                                0x195 (size before relaxing)
 .debug_str     0x0000027f        0x8 c:/users/youss/iti embedded systems 3-months program/01- embedded systems avr tools/01- imt sdk/imt_sdk_win_64/winavr/bin/../lib/gcc/avr/4.3.3/avr5\libgcc.a(_lt_sf.o)
                                0x195 (size before relaxing)
 .debug_str     0x00000287        0xa c:/users/youss/iti embedded systems 3-months program/01- embedded systems avr tools/01- imt sdk/imt_sdk_win_64/winavr/bin/../lib/gcc/avr/4.3.3/avr5\libgcc.a(_sf_to_si.o)
                                0x19e (size before relaxing)
 .debug_str     0x00000000      0x103 c:/users/youss/iti embedded systems 3-months program/01- embedded systems avr tools/01- imt sdk/imt_sdk_win_64/winavr/bin/../lib/gcc/avr/4.3.3/avr5\libgcc.a(_thenan_sf.o)
 .debug_str     0x00000291       0x16 c:/users/youss/iti embedded systems 3-months program/01- embedded systems avr tools/01- imt sdk/imt_sdk_win_64/winavr/bin/../lib/gcc/avr/4.3.3/avr5\libgcc.a(_pack_sf.o)
                                0x19d (size before relaxing)
 .debug_str     0x000002a7        0xb c:/users/youss/iti embedded systems 3-months program/01- embedded systems avr tools/01- imt sdk/imt_sdk_win_64/winavr/bin/../lib/gcc/avr/4.3.3/avr5\libgcc.a(_unpack_sf.o)
                                0x17f (size before relaxing)
 .debug_str     0x000002b2       0x10 c:/users/youss/iti embedded systems 3-months program/01- embedded systems avr tools/01- imt sdk/imt_sdk_win_64/winavr/bin/../lib/gcc/avr/4.3.3/avr5\libgcc.a(_fpcmp_parts_sf.o)
                                0x163 (size before relaxing)

.debug_loc      0x00000000      0x88e
 *(.debug_loc)
 .debug_loc     0x00000000       0x34 c:/users/youss/iti embedded systems 3-months program/01- embedded systems avr tools/01- imt sdk/imt_sdk_win_64/winavr/bin/../lib/gcc/avr/4.3.3/avr5\libgcc.a(_fixunssfsi.o)
 .debug_loc     0x00000034      0x32a c:/users/youss/iti embedded systems 3-months program/01- embedded systems avr tools/01- imt sdk/imt_sdk_win_64/winavr/bin/../lib/gcc/avr/4.3.3/avr5\libgcc.a(_addsub_sf.o)
 .debug_loc     0x0000035e      0x104 c:/users/youss/iti embedded systems 3-months program/01- embedded systems avr tools/01- imt sdk/imt_sdk_win_64/winavr/bin/../lib/gcc/avr/4.3.3/avr5\libgcc.a(_mul_sf.o)
 .debug_loc     0x00000462       0xc0 c:/users/youss/iti embedded systems 3-months program/01- embedded systems avr tools/01- imt sdk/imt_sdk_win_64/winavr/bin/../lib/gcc/avr/4.3.3/avr5\libgcc.a(_div_sf.o)
 .debug_loc     0x00000522       0x3c c:/users/youss/iti embedded systems 3-months program/01- embedded systems avr tools/01- imt sdk/imt_sdk_win_64/winavr/bin/../lib/gcc/avr/4.3.3/avr5\libgcc.a(_gt_sf.o)
 .debug_loc     0x0000055e       0x3c c:/users/youss/iti embedded systems 3-months program/01- embedded systems avr tools/01- imt sdk/imt_sdk_win_64/winavr/bin/../lib/gcc/avr/4.3.3/avr5\libgcc.a(_ge_sf.o)
 .debug_loc     0x0000059a       0x3c c:/users/youss/iti embedded systems 3-months program/01- embedded systems avr tools/01- imt sdk/imt_sdk_win_64/winavr/bin/../lib/gcc/avr/4.3.3/avr5\libgcc.a(_lt_sf.o)
 .debug_loc     0x000005d6       0x7e c:/users/youss/iti embedded systems 3-months program/01- embedded systems avr tools/01- imt sdk/imt_sdk_win_64/winavr/bin/../lib/gcc/avr/4.3.3/avr5\libgcc.a(_sf_to_si.o)
 .debug_loc     0x00000654      0x13e c:/users/youss/iti embedded systems 3-months program/01- embedded systems avr tools/01- imt sdk/imt_sdk_win_64/winavr/bin/../lib/gcc/avr/4.3.3/avr5\libgcc.a(_pack_sf.o)
 .debug_loc     0x00000792       0xac c:/users/youss/iti embedded systems 3-months program/01- embedded systems avr tools/01- imt sdk/imt_sdk_win_64/winavr/bin/../lib/gcc/avr/4.3.3/avr5\libgcc.a(_unpack_sf.o)
 .debug_loc     0x0000083e       0x50 c:/users/youss/iti embedded systems 3-months program/01- embedded systems avr tools/01- imt sdk/imt_sdk_win_64/winavr/bin/../lib/gcc/avr/4.3.3/avr5\libgcc.a(_fpcmp_parts_sf.o)

.debug_macinfo
 *(.debug_macinfo)
OUTPUT(KPD_Test.elf elf32-avr)
LOAD linker stubs

.debug_ranges   0x00000000       0x50
 .debug_ranges  0x00000000       0x50 c:/users/youss/iti embedded systems 3-months program/01- embedded systems avr tools/01- imt sdk/imt_sdk_win_64/winavr/bin/../lib/gcc/avr/4.3.3/avr5\libgcc.a(_mul_sf.o)
